node.exe : PASS src/tests/e2e/booking.e2e.test.js (95.242 s)
At C:\Users\Shivanesh MC\AppData\Roaming\npm\npx.ps1:24 char:5
+     & "node$exe"  "$basedir/node_modules/npm/bin/npx-cli.js" $args
+     ~~~~~~~~~~~~~~~~~~~~~~~~~~~~~~~~~~~~~~~~~~~~~~~~~~~~~~~~~~~~~~
    + CategoryInfo          : NotSpecified: (PASS src/tests/...t.js (95.242 s) 
   :String) [], RemoteException
    + FullyQualifiedErrorId : NativeCommandError
 
  Booking Flow E2E Integration
    Menu Items API
      ΓêÜ should list menu items publicly (2435 ms)
      ΓêÜ should get menu item by ID (2180 ms)
      ΓêÜ should create menu item (manager) (2225 ms)
      ΓêÜ should reject menu item creation by student (2159 ms)
      ΓêÜ should toggle menu item availability (manager) (2224 ms)
    Slots API
      ΓêÜ should get today slots publicly (2210 ms)
      ΓêÜ should get slots with auth (2138 ms)
      ΓêÜ should create slot (manager) (2177 ms)
      ΓêÜ should update slot capacity (manager) (2203 ms)
      ΓêÜ should reject slot creation by student (2189 ms)
    Booking Flow
      ΓêÜ should create a booking (student) (2176 ms)
      ΓêÜ should increment slot booked count after booking (2198 ms)
      ΓêÜ should reject duplicate booking for same slot (2850 ms)
      ΓêÜ should reject booking for full slot (4112 ms)
      ΓêÜ should reject booking for cancelled slot (4450 ms)
      ΓêÜ should reject booking for unavailable menu item (5276 ms)
      ΓêÜ should reject booking without auth (5032 ms)
    GET /api/bookings/my
      ΓêÜ should return user bookings (3272 ms)
    POST /api/bookings/:id/cancel
      ΓêÜ should cancel own booking (2193 ms)
      ΓêÜ should decrement slot booked count on cancel (4599 ms)
    POST /api/bookings/:id/complete
      ΓêÜ should complete booking (staff) (4923 ms)
      ΓêÜ should reject completing already completed booking (4686 ms)
    GET /api/bookings/token/:tokenNumber
      ΓêÜ should find booking by token number (4769 ms)
      ΓêÜ should return 404 for non-existent token (4543 ms)
    POST /api/bookings/walkin
      ΓêÜ should create walk-in booking (staff) (2190 ms)
      ΓêÜ should reject walk-in booking from student (2099 ms)
    POST /api/bookings/:id/no-show
      ΓêÜ should mark booking as no-show (2189 ms)
    GET /api/bookings/stats
      ΓêÜ should return booking statistics (manager) (4178 ms)
    GET /api/bookings
      ΓêÜ should list all bookings (manager) (2466 ms)
      ΓêÜ should reject listing for student (1908 ms)

PASS src/tests/e2e/notification.e2e.test.js (29.599 s)
  Notification E2E Integration
    GET /api/notifications
      ΓêÜ should return empty notifications initially (2057 ms)
      ΓêÜ should return user-specific notifications (1977 ms)
      ΓêÜ should filter unread only (1932 ms)
      ΓêÜ should reject unauthenticated request (1907 ms)
    GET /api/notifications/unread-count
      ΓêÜ should return unread count (1894 ms)
    POST /api/notifications/:id/read
      ΓêÜ should mark notification as read (1913 ms)
      ΓêÜ should reject marking other user notification (1956 ms)
    POST /api/notifications/read-all
      ΓêÜ should mark all notifications as read (1936 ms)
    DELETE /api/notifications/:id
      ΓêÜ should delete own notification (1898 ms)
    POST /api/notifications/broadcast
      ΓêÜ should send broadcast to all users (manager) (1922 ms)
      ΓêÜ should send broadcast to specific roles (1915 ms)
      ΓêÜ should reject broadcast from student (2023 ms)
    POST /api/notifications/emergency
      ΓêÜ should send emergency announcement (staff) (1940 ms)
      ΓêÜ should reject emergency from student (1987 ms)

PASS src/tests/e2e/canteen-menu.e2e.test.js (47.968 s)
  Canteen & Menu E2E Integration
    Canteen API
      ΓêÜ should create canteen (manager) (1581 ms)
      ΓêÜ should list canteens publicly (1463 ms)
      ΓêÜ should get canteen by ID (2053 ms)
      ΓêÜ should update canteen (manager) (3146 ms)
      ΓêÜ should toggle canteen status (manager) (3119 ms)
      ΓêÜ should update occupancy and auto-set crowd level (manager) (3234 ms)
      ΓêÜ should delete canteen (manager) (3071 ms)
      ΓêÜ should reject canteen creation by student (3063 ms)
    Menu API
      ΓêÜ should create menu (manager) (3241 ms)
      ΓêÜ should reject duplicate menu (same date + meal type) (3058 ms)
      ΓêÜ should list menus publicly (3259 ms)
      ΓêÜ should update menu (manager) (3185 ms)
      ΓêÜ should delete menu (manager) (3108 ms)
    Menu Items API
      ΓêÜ should create, update, and delete menu items (3151 ms)
      ΓêÜ should filter menu items by category (3188 ms)
      ΓêÜ should filter menu items by dietary type (3178 ms)

PASS src/tests/e2e/dashboard.e2e.test.js (43.111 s)
  Dashboard E2E Integration
    GET /api/dashboard/admin
      ΓêÜ should return admin dashboard stats (4393 ms)
      ΓêÜ should show correct user counts (4029 ms)
      ΓêÜ should reject manager (4209 ms)
      ΓêÜ should reject student (4411 ms)
    GET /api/dashboard/manager
      ΓêÜ should return manager dashboard stats (4095 ms)
      ΓêÜ should also work for admin (4077 ms)
      ΓêÜ should reject student (4238 ms)
    GET /api/dashboard/staff
      ΓêÜ should return staff dashboard stats (3035 ms)
      ΓêÜ should reject student (1863 ms)
    GET /api/dashboard/student
      ΓêÜ should return student dashboard (1921 ms)
      ΓêÜ should reject admin (1941 ms)
      ΓêÜ should reject manager (1920 ms)

PASS src/tests/e2e/user-management.e2e.test.js (23.684 s)
  User Management E2E Integration
    GET /api/users
      ΓêÜ should list all users (admin) (1534 ms)
      ΓêÜ should filter users by role (1432 ms)
      ΓêÜ should search users by name (1423 ms)
      ΓêÜ should reject for non-admin users (1418 ms)
      ΓêÜ should reject for manager (admin-only route) (1436 ms)
    GET /api/users/stats
      ΓêÜ should return user statistics (manager) (1430 ms)
      ΓêÜ should reject for student (1416 ms)
    POST /api/users
      ΓêÜ should create user (admin) (1653 ms)
      ΓêÜ should reject duplicate email (1437 ms)
    PATCH /api/users/:id/role
      ΓêÜ should update user role (admin) (1416 ms)
      ΓêÜ should reject role update by non-admin (1426 ms)
    PATCH /api/users/:id/status
      ΓêÜ should suspend user (admin) (1420 ms)
      ΓêÜ should reactivate suspended user (1411 ms)
    DELETE /api/users/:id
      ΓêÜ should delete user (admin) (1431 ms)
    POST /api/users/:id/force-logout
      ΓêÜ should force logout user (admin) (1432 ms)

PASS src/tests/e2e/system-settings.e2e.test.js (33.715 s)
  System Settings E2E Integration
    POST /api/system
      ΓêÜ should create a new setting (admin) (1550 ms)
      ΓêÜ should upsert existing setting (1829 ms)
      ΓêÜ should reject non-admin (3005 ms)
      ΓêÜ should reject manager (admin-only) (3020 ms)
    GET /api/system
      ΓêÜ should get all settings (3188 ms)
      ΓêÜ should filter by category (3175 ms)
    GET /api/system/grouped
      ΓêÜ should return settings grouped by category (3236 ms)
    GET /api/system/:key
      ΓêÜ should get setting by key (3229 ms)
    PATCH /api/system/:key
      ΓêÜ should update setting value (3330 ms)
    POST /api/system/bulk
      ΓêÜ should bulk update settings (3183 ms)
    DELETE /api/system/:key
      ΓêÜ should delete setting (3130 ms)

PASS src/tests/e2e/holiday.e2e.test.js (30.165 s)
  Holiday Management E2E Integration
    POST /api/holidays
      ΓêÜ should create holiday (admin) (3452 ms)
      ΓêÜ should reject from manager (3026 ms)
      ΓêÜ should reject from student (3087 ms)
    GET /api/holidays
      ΓêÜ should list all holidays (admin) (2771 ms)
      ΓêÜ should reject non-admin (1441 ms)
    GET /api/holidays/upcoming
      ΓêÜ should return upcoming holidays (student) (1416 ms)
      ΓêÜ should accept days parameter (1441 ms)
    GET /api/holidays/check
      ΓêÜ should check if date is a holiday (1483 ms)
      ΓêÜ should return for non-holiday date (1437 ms)
    PUT /api/holidays/:id
      ΓêÜ should update holiday (admin) (1436 ms)
    DELETE /api/holidays/:id
      ΓêÜ should delete holiday (admin) (2790 ms)
      ΓêÜ should reject from student (3393 ms)

PASS src/tests/e2e/stock.e2e.test.js (27.918 s)
  Stock Management E2E Integration
    POST /api/stock
      ΓêÜ should create stock item (manager) (3675 ms)
      ΓêÜ should reject stock creation from student (3372 ms)
    GET /api/stock
      ΓêÜ should list stock items (3265 ms)
    GET /api/stock/:id
      ΓêÜ should get stock item by ID (1474 ms)
    PATCH /api/stock/:id
      ΓêÜ should update stock item (1426 ms)
    POST /api/stock/:id/restock
      ΓêÜ should restock item (1444 ms)
    POST /api/stock/:id/consume
      ΓêÜ should consume stock (1445 ms)
    POST /api/stock/:id/adjust
      ΓêÜ should adjust stock to specific quantity (1465 ms)
    GET /api/stock/alerts
      ΓêÜ should return low stock alerts (1426 ms)
    GET /api/stock/transactions
      ΓêÜ should return stock transactions after restock (1456 ms)
    GET /api/stock/summary
      ΓêÜ should return stock summary (1436 ms)
    DELETE /api/stock/:id
      ΓêÜ should soft-delete stock item (admin) (1479 ms)
      ΓêÜ should reject delete from manager (admin-only) (1501 ms)

PASS src/tests/e2e/financial.e2e.test.js (19.646 s)
  Financial Management E2E Integration
    POST /api/financial
      ΓêÜ should create transaction (manager) (1592 ms)
      ΓêÜ should reject from student (1460 ms)
    POST /api/financial/expense
      ΓêÜ should record expense (manager) (1443 ms)
    GET /api/financial
      ΓêÜ should list transactions (1450 ms)
    GET /api/financial/:id
      ΓêÜ should get transaction by ID (1479 ms)
    GET /api/financial/summary/daily
      ΓêÜ should return daily summary (1553 ms)
      ΓêÜ should accept date parameter (1483 ms)
    GET /api/financial/summary/monthly
      ΓêÜ should return monthly summary (1473 ms)
      ΓêÜ should default to current month (1479 ms)
    GET /api/financial/settlement
      ΓêÜ should return settlement report (admin) (1458 ms)
      ΓêÜ should require dates (1488 ms)
      ΓêÜ should reject manager (admin-only) (1475 ms)

PASS src/tests/e2e/forecast.e2e.test.js (15.398 s)
  Forecast E2E Integration
    GET /api/forecast/daily
      ΓêÜ should return daily forecast (manager) (1674 ms)
      ΓêÜ should accept date parameter (1507 ms)
      ΓêÜ should reject student (1436 ms)
    GET /api/forecast/weekly
      ΓêÜ should return weekly forecast (manager) (1838 ms)
      ΓêÜ should reject student (1491 ms)
    POST /api/forecast/record-actual
      ΓêÜ should record actual consumption (admin) (1445 ms)
      ΓêÜ should reject manager (admin-only) (1446 ms)
    GET /api/forecast/accuracy
      ΓêÜ should return accuracy metrics (manager) (1462 ms)
      ΓêÜ should reject student (1439 ms)

PASS src/tests/e2e/sustainability.e2e.test.js (9.916 s)
  Sustainability E2E Integration
    POST /api/sustainability/waste-report
      ΓêÜ should submit waste report (student) (1103 ms)
      ΓêÜ should submit waste report (manager) (1000 ms)
      ΓêÜ should reject unauthenticated (989 ms)
    GET /api/sustainability/my-reports
      ΓêÜ should return user waste reports (1006 ms)
    GET /api/sustainability/stats
      ΓêÜ should return waste statistics (manager) (1007 ms)
      ΓêÜ should reject student (997 ms)
    GET /api/sustainability/metrics
      ΓêÜ should return sustainability metrics (manager) (995 ms)
      ΓêÜ should reject student (1005 ms)

PASS src/tests/e2e/auth.e2e.test.js (15.916 s)
  Auth E2E Integration
    POST /api/auth/register
      ΓêÜ should register a new student user and return token (961 ms)
      ΓêÜ should register a canteen_staff user (616 ms)
      ΓêÜ should register a manager user (543 ms)
      ΓêÜ should register an admin user (554 ms)
      ΓêÜ should reject duplicate email registration (606 ms)
      ΓêÜ should reject registration with short password (82 ms)
      ΓêÜ should reject registration without required fields (70 ms)
      ΓêÜ should reject registration with invalid email (77 ms)
    POST /api/auth/login
      ΓêÜ should login with correct credentials (1111 ms)
      ΓêÜ should reject login with wrong password (1019 ms)
      ΓêÜ should reject login with non-existent email (550 ms)
      ΓêÜ should reject login for suspended user (573 ms)
      ΓêÜ should update lastLogin and isOnline on successful login (1097 ms)
    GET /api/auth/me
      ΓêÜ should return current user profile with valid token (610 ms)
      ΓêÜ should reject request without auth token (521 ms)
      ΓêÜ should reject request with invalid token (604 ms)
    POST /api/auth/logout
      ΓêÜ should logout and set isOnline to false (1111 ms)
    OTP and Password Reset Flow
      ΓêÜ should send OTP (does not reveal if email exists) (575 ms)
      ΓêÜ should not reveal non-existent email on OTP request (582 ms)
      ΓêÜ should verify OTP when correct (691 ms)
      ΓêÜ should reject invalid OTP (695 ms)
      ΓêÜ should reset password with valid OTP (938 ms)

PASS src/tests/booking/booking.test.js (5.757 s)
  Booking API
    POST /api/bookings
      ΓêÜ should create a booking successfully (1095 ms)
      ΓêÜ should fail for unavailable slot (947 ms)
    POST /api/bookings/:id/cancel
      ΓêÜ should cancel booking (977 ms)
    POST /api/bookings/:id/complete
      ΓêÜ should complete booking (staff) (980 ms)

PASS src/tests/user/user.test.js (5.687 s)
  User API
    GET /api/users
      ΓêÜ should return all users for admin (1067 ms)
      ΓêÜ should fail for non-admin user (949 ms)
    PATCH /api/users/:id/role
      ΓêÜ should update user role (958 ms)
    PATCH /api/users/:id/status
      ΓêÜ should suspend user (981 ms)

PASS src/tests/auth/auth.test.js
  Auth API
    POST /api/auth/register
      ΓêÜ should register a new user successfully (363 ms)
      ΓêÜ should fail with missing fields (28 ms)
      ΓêÜ should fail with duplicate email (254 ms)
    POST /api/auth/login
      ΓêÜ should login successfully with correct credentials (486 ms)
      ΓêÜ should fail with wrong password (477 ms)
      ΓêÜ should fail with non-existent email (253 ms)
    GET /api/auth/me
      ΓêÜ should return current user profile (489 ms)
      ΓêÜ should fail without token (489 ms)

Test Suites: 15 passed, 15 total
Tests:       190 passed, 190 total
Snapshots:   0 total
Time:        408.447 s
Ran all test suites.
